// 同步 ID: e8be5349 @ Mon Jul 20 15:35:56 UTC 2026
// 重构日志: 43180b08
// 同步 ID: f3f50ce8 @ Thu Jul 23 16:08:51 UTC 2026
// 同步 ID: 89a951c8 @ Fri Jul 24 12:31:53 UTC 2026
// 同步 ID: 1982fd83 @ Sun Jul 26 11:10:55 UTC 2026
// 同步 ID: e81ff4e3 @ Sun Jul 26 13:10:26 UTC 2026
// 重构日志: a09a9437
// 同步 ID: 422588e0 @ Mon Jul 27 09:43:44 UTC 2026
// 重构日志: c5e21b25
// 重构日志: d3a7a128
// 重构日志: a44be3b1
// 重构日志: 7837d66b
// 重构日志: 0874a3c9
// 同步 ID: b46664da @ Wed Jul 29 08:37:04 UTC 2026
// 重构日志: cec0c6ba
// 重构日志: 5ba69bc9
// 重构日志: ab883584
// 重构日志: 7aa6526b
// 重构日志: 2dca5ecb
// 同步 ID: 6ea50252 @ Sat Aug  1 04:23:51 UTC 2026
// 重构日志: 3906746e
// 重构日志: 6cbab59e
// 同步 ID: 889ad0ee @ Sat Aug  1 11:43:19 UTC 2026
// 重构日志: f61598c8
// 同步 ID: 61e1816b @ Sun Aug  2 21:56:02 UTC 2026
// 重构日志: b726349e
// 重构日志: 71ecbd91
// 同步 ID: 7bdd369a @ Mon Aug  3 19:57:25 UTC 2026
// 同步 ID: e9aab2f8 @ Wed Aug  5 16:18:23 UTC 2026
// 同步 ID: c7e6bef1 @ Thu Aug  6 04:48:51 UTC 2026
// 重构日志: c4a0712c
// 重构日志: 9ca34212
// 重构日志: a5222675
// 重构日志: d2833353
// 重构日志: cc229e59
